// Jest Snapshot v1, https://goo.gl/fbAQLP

exports[`Calculator Component should render with given props 1`] = `
<div
  className="calculator"
>
  <h2
    className="text-center"
  >
    Calculator
  </h2>
  <div
    className="calculator-display"
  >
    <div>
      3
    </div>
  </div>
  <div
    className="calculator-button-panel"
  >
    <div>
      <div
        className="calculator-button"
      >
        <button
          onClick={[Function]}
        >
          AC
        </button>
      </div>
      <div
        className="calculator-button"
      >
        <button
          onClick={[Function]}
        >
          +/-
        </button>
      </div>
      <div
        className="calculator-button"
      >
        <button
          onClick={[Function]}
        >
          %
        </button>
      </div>
      <div
        className="calculator-button orange"
      >
        <button
          onClick={[Function]}
        >
          รท
        </button>
      </div>
    </div>
    <div>
      <div
        className="calculator-button"
      >
        <button
          onClick={[Function]}
        >
          7
        </button>
      </div>
      <div
        className="calculator-button"
      >
        <button
          onClick={[Function]}
        >
          8
        </button>
      </div>
      <div
        className="calculator-button"
      >
        <button
          onClick={[Function]}
        >
          9
        </button>
      </div>
      <div
        className="calculator-button orange"
      >
        <button
          onClick={[Function]}
        >
          x
        </button>
      </div>
    </div>
    <div>
      <div
        className="calculator-button"
      >
        <button
          onClick={[Function]}
        >
          4
        </button>
      </div>
      <div
        className="calculator-button"
      >
        <button
          onClick={[Function]}
        >
          5
        </button>
      </div>
      <div
        className="calculator-button"
      >
        <button
          onClick={[Function]}
        >
          6
        </button>
      </div>
      <div
        className="calculator-button orange"
      >
        <button
          onClick={[Function]}
        >
          -
        </button>
      </div>
    </div>
    <div>
      <div
        className="calculator-button"
      >
        <button
          onClick={[Function]}
        >
          1
        </button>
      </div>
      <div
        className="calculator-button"
      >
        <button
          onClick={[Function]}
        >
          2
        </button>
      </div>
      <div
        className="calculator-button"
      >
        <button
          onClick={[Function]}
        >
          3
        </button>
      </div>
      <div
        className="calculator-button orange"
      >
        <button
          onClick={[Function]}
        >
          +
        </button>
      </div>
    </div>
    <div>
      <div
        className="calculator-button wide"
      >
        <button
          onClick={[Function]}
        >
          0
        </button>
      </div>
      <div
        className="calculator-button"
      >
        <button
          onClick={[Function]}
        >
          .
        </button>
      </div>
      <div
        className="calculator-button orange"
      >
        <button
          onClick={[Function]}
        >
          =
        </button>
      </div>
    </div>
  </div>
</div>
`;
